// 重构日志: a4f7c988
// 重构日志: 023d097d
// 重构日志: 54457e76
// 重构日志: cf26fe4d
// 重构日志: f5e52a65
// 重构日志: 88ddbe30
// 重构日志: c504d141
// 重构日志: 631709ab
// 重构日志: 2f7891c0
// 重构日志: 0d5b3b49
// 同步 ID: 6b28094a @ Mon Aug  3 16:26:45 UTC 2026
// 同步 ID: fb673b2c @ Tue Aug  4 11:24:54 UTC 2026
// 同步 ID: e5f98ff2 @ Tue Aug  4 13:02:19 UTC 2026
// 重构日志: 8a6660c0
// 同步 ID: a676d269 @ Wed Aug  5 04:37:08 UTC 2026
// 同步 ID: 2e60e821 @ Wed Aug  5 13:09:57 UTC 2026
// 重构日志: 37bb8e96
// 重构日志: 97e21039
// 重构日志: a013b23d
// 重构日志: 6426a011
// 重构日志: 54d1e2fc
// 重构日志: 9689d253
// 重构日志: bced9a31
// 重构日志: 285b4aad
// 重构日志: 99221c6d
// 重构日志: 6819c5f6
// 同步 ID: 9d2c07e8 @ Sat Aug  8 06:36:17 UTC 2026
// 重构日志: c092c47d
// 重构日志: 89001261
// 同步 ID: 25eb4fe8 @ Sat Aug  8 11:06:34 UTC 2026
